---
source: cytoscnpy/tests/output_snapshot_test.rs
assertion_line: 124
expression: output
---
[
  {
    "check_name": "func",
    "description": "Unused function: unused_func",
    "fingerprint": "unused-func-unused_func-[FILE]-5",
    "location": {
      "lines": {
        "begin": 5
      },
      "path": "[FILE]"
    },
    "severity": "minor"
  },
  {
    "check_name": "import",
    "description": "Unused import: os",
    "fingerprint": "unused-import-os-[FILE]-2",
    "location": {
      "lines": {
        "begin": 2
      },
      "path": "[FILE]"
    },
    "severity": "info"
  },
  {
    "check_name": "import",
    "description": "Unused import: sys",
    "fingerprint": "unused-import-sys-[FILE]-3",
    "location": {
      "lines": {
        "begin": 3
      },
      "path": "[FILE]"
    },
    "severity": "info"
  },
  {
    "check_name": "var",
    "description": "Unused variable: main.unused_var",
    "fingerprint": "unused-var-main.unused_var-[FILE]-9",
    "location": {
      "lines": {
        "begin": 9
      },
      "path": "[FILE]"
    },
    "severity": "info"
  }
]
